{"HostConfigHash":"22c7da1","CardHash":"bc675e5","Error":null}