{"HostConfigHash":"f7dd633","CardHash":"6f9b49b","Error":null}