{"HostConfigHash":"f7dd633","CardHash":"9eb191b","Error":null}