{"HostConfigHash":"a0ac47c","CardHash":"f3d9960","Error":"Parsing card failed"}