{"HostConfigHash":"d173aab","CardHash":"bc675e5","Error":null}