{"HostConfigHash":"d173aab","CardHash":"ad7a80d","Error":null}