{"HostConfigHash":"d173aab","CardHash":"2261163","Error":null}