{"HostConfigHash":"52fe357","CardHash":"6053e57","Error":null}