{"HostConfigHash":"1d45011","CardHash":"4a43386","Error":null}