{"HostConfigHash":"f7dd633","CardHash":"60aa7bb","Error":null}