{"HostConfigHash":"0164943","CardHash":"9eb191b","Error":null}