{"HostConfigHash":"22c7da1","CardHash":"568e186","Error":null}