{"HostConfigHash":"22c7da1","CardHash":"eb7fe71","Error":null}