{"HostConfigHash":"0164943","CardHash":"489d001","Error":"Parsing card failed"}