{"HostConfigHash":"52fe357","CardHash":"bc675e5","Error":null}