{"HostConfigHash":"f7dd633","CardHash":"3084dcf","Error":null}