{"HostConfigHash":"f7dd633","CardHash":"6e07223","Error":null}