{"HostConfigHash":"0164943","CardHash":"5bd4262","Error":null}