{"HostConfigHash":"a0ac47c","CardHash":"e429b58","Error":null}