{"HostConfigHash":"d173aab","CardHash":"5bd4262","Error":null}