{"HostConfigHash":"0164943","CardHash":"175179a","Error":null}