{"HostConfigHash":"52fe357","CardHash":"eb7fe71","Error":null}