{"HostConfigHash":"52fe357","CardHash":"ad7a80d","Error":null}