{"HostConfigHash":"52fe357","CardHash":"568e186","Error":null}