{"HostConfigHash":"f7dd633","CardHash":"2f91af5","Error":null}