{"HostConfigHash":"a0ac47c","CardHash":"6e07223","Error":null}