{"HostConfigHash":"f7dd633","CardHash":"e429b58","Error":null}