{"HostConfigHash":"52fe357","CardHash":"175179a","Error":null}