{"HostConfigHash":"a0ac47c","CardHash":"6e4e135","Error":null}