{"HostConfigHash":"f7dd633","CardHash":"568e186","Error":null}