{"HostConfigHash":"22c7da1","CardHash":"175179a","Error":null}