{"HostConfigHash":"0164943","CardHash":"6e4e135","Error":null}