{"HostConfigHash":"52fe357","CardHash":"4256e10","Error":null}