{"HostConfigHash":"52fe357","CardHash":"6e07223","Error":null}