{"HostConfigHash":"18eecb9","CardHash":"9eb191b","Error":null}