{"HostConfigHash":"f7dd633","CardHash":"f3d9960","Error":"Parsing card failed"}