{"HostConfigHash":"1d45011","CardHash":"c1d44dc","Error":null}