{"HostConfigHash":"18eecb9","CardHash":"036140b","Error":null}