{"HostConfigHash":"f7dd633","CardHash":"ad7a80d","Error":null}