{"HostConfigHash":"f7dd633","CardHash":"175179a","Error":null}