{"HostConfigHash":"d173aab","CardHash":"6f9b49b","Error":null}