{"HostConfigHash":"22c7da1","CardHash":"e429b58","Error":null}