{"HostConfigHash":"52fe357","CardHash":"2261163","Error":null}