{"HostConfigHash":"f7dd633","CardHash":"4b4618c","Error":null}