{"HostConfigHash":"d173aab","CardHash":"4b4618c","Error":null}