{"HostConfigHash":"d173aab","CardHash":"175179a","Error":null}