{"HostConfigHash":"a0ac47c","CardHash":"60aa7bb","Error":null}