{"HostConfigHash":"9548fe3","CardHash":"9eb191b","Error":null}