{"HostConfigHash":"52fe357","CardHash":"489d001","Error":"Parsing card failed"}