{"HostConfigHash":"a0ac47c","CardHash":"bc675e5","Error":null}